
==============================================================================
== SESSION START  2026-10-02T20:48:53
==============================================================================
[20:48:53] host=LAPTOP-EKLUP56Q  os=Windows 10
[20:48:53] python=3.10.22  executable=D:\Anaconda\envs\safedrl\python.exe

==============================================================================
== SafeDRL-DroneNav-ROS :: BEHAVIOUR-CLONING WARM-START  [bc_warmstart_cbf]
==============================================================================
[20:48:53] expert            = pure pursuit (gain 0.9, noise 0.06)
[20:48:53] expert use_cbf    = True
[20:48:53] expert episodes   = 200

==============================================================================
== Expert rollouts
==============================================================================
[20:50:13] transitions       = 41078  obs_dim=53
[20:50:13] expert success    = 169/200 (84.5%)
[20:50:13] expert mean gates = 2.83
[20:50:13] expert mean length= 205.4 steps
[20:50:13] collection time   = 79.5 s

==============================================================================
== Behaviour cloning
==============================================================================
    [bc] epoch    0/250  mse=0.019428
    [bc] epoch   50/250  mse=0.004322
    [bc] epoch  100/250  mse=0.004121
    [bc] epoch  150/250  mse=0.003997
    [bc] epoch  200/250  mse=0.003947
    [bc] epoch  249/250  mse=0.003911
[20:50:59] initial mse = 0.019428
[20:50:59] final   mse = 0.003911

==============================================================================
== Cloned policy evaluation
==============================================================================
[20:51:07] success_rate         = 0.8750
[20:51:07] mean_gates           = 2.8750
[20:51:07] mean_length          = 214.1875
[20:51:07] mean_min_margin      = 0.0364
[20:51:07] saved warm-start  : D:\ClaudeProjects\SafeDRL-DroneNav-ROS\checkpoints\bc_warmstart_cbf.zip

BC_MODEL=D:\ClaudeProjects\SafeDRL-DroneNav-ROS\checkpoints\bc_warmstart_cbf.zip
BC_SUCCESS=0.875

==============================================================================
== SESSION END  2026-10-02T20:51:07
==============================================================================
