
==============================================================================
== SESSION START  2026-10-02T21:10:23
==============================================================================
[21:10:23] host=LAPTOP-EKLUP56Q  os=Windows 10
[21:10:23] python=3.10.22  executable=D:\Anaconda\envs\safedrl\python.exe

==============================================================================
== SafeDRL-DroneNav-ROS :: TRAINING  [ppo_lagrangian]
==============================================================================
[21:10:23] run_name       = ppo_lagrangian
[21:10:23] policy         = ppo_lag
[21:10:23] use_cbf        = False
[21:10:23] timesteps      = 90000
[21:10:23] n_envs         = 4
[21:10:23] cost_limit     = 0.6
[21:10:23] seed           = 12
[21:10:23] tensorboard dir = D:\ClaudeProjects\SafeDRL-DroneNav-ROS\logs\tb_logs\ppo_lagrangian
[21:10:26] vectorised environment : SubprocVecEnv + VecNormalize(norm_reward) x 4
[21:10:26] observation space      : (53,)
[21:10:26] action space           : (4,)
[21:10:27] algorithm              : PPO-Lagrangian (cost critic + dual ascent)
[21:10:27] policy parameters      : 47,497
[21:10:27] warm-started policy from: checkpoints/bc_warmstart_cbf.zip (13 tensors)
[21:10:27]   (all ablation rows share this checkpoint, so the only difference between them is the safety mechanism)

==============================================================================
== Training
==============================================================================
[train] step=   20000  ep_rew_mean=  -25.263  ep_len_mean=   84.4  pg_loss=   0.1219  value_loss=    1.058  entropy= -1.6433  lambda=  0.010  cost=  1.000  sps=   730  elapsed=  27.4s
[eval ] step=   20000  success=0.000  collision=1.000  min_margin=-0.199m  arrival=n/a  cost=1.004
[train] step=   40000  ep_rew_mean=  -27.594  ep_len_mean=  100.9  pg_loss=   0.0010  value_loss=    0.588  entropy= -1.5606  lambda=  0.041  cost=  1.000  sps=   619  elapsed=  59.7s
[eval ] step=   40000  success=0.583  collision=0.417  min_margin=-0.220m  arrival=11.60s  cost=0.422
[train] step=   60000  ep_rew_mean=  -28.704  ep_len_mean=  120.8  pg_loss=   0.0179  value_loss=    0.567  entropy= -1.4848  lambda=  0.084  cost=  1.000  sps=   625  elapsed=  91.7s
[eval ] step=   60000  success=0.750  collision=0.250  min_margin=-0.265m  arrival=15.01s  cost=0.261
[train] step=   80000  ep_rew_mean=  -29.146  ep_len_mean=  124.3  pg_loss=   0.0695  value_loss=    0.628  entropy= -1.4220  lambda=  0.134  cost=  1.000  sps=   611  elapsed= 124.4s
[eval ] step=   80000  success=0.667  collision=0.333  min_margin=-0.272m  arrival=19.82s  cost=0.348

==============================================================================
== Training finished
==============================================================================
[21:12:57] wall-clock training time : 149.9 s
[21:12:57] throughput               : 600 steps/s
[21:12:57] final lambda             : 0.16569429546368725
[21:12:57] saved final model        : D:\ClaudeProjects\SafeDRL-DroneNav-ROS\checkpoints\ppo_lagrangian_final.zip

RUN_NAME=ppo_lagrangian
TB_DIR=D:\ClaudeProjects\SafeDRL-DroneNav-ROS\logs\tb_logs\ppo_lagrangian
MODEL=D:\ClaudeProjects\SafeDRL-DroneNav-ROS\checkpoints\ppo_lagrangian_final.zip

==============================================================================
== SESSION END  2026-10-02T21:12:57
==============================================================================
